// Jest Snapshot v1, https://goo.gl/fbAQLP

exports[`SearchForm renders without crashing 1`] = `
ShallowWrapper {
  "complexSelector": ComplexSelector {
    "buildPredicate": [Function],
    "childrenOfNode": [Function],
    "findWhereUnwrapped": [Function],
  },
  "length": 1,
  "node": <form
    onSubmit={undefined}
>
    <div
        className="form-group"
    >
        <label>
            City
        </label>
        <input
            className="form-control"
            name="city"
            onChange={undefined}
            type="text"
            value={undefined}
        />
    </div>
    <div
        className="form-group"
    >
        <label>
            State
        </label>
        <input
            className="form-control"
            name="st"
            onChange={undefined}
            type="text"
            value={undefined}
        />
    </div>
    <input
        type="submit"
        value="Search"
    />
</form>,
  "nodes": Array [
    <form
      onSubmit={undefined}
>
      <div
            className="form-group"
      >
            <label>
                  City
            </label>
            <input
                  className="form-control"
                  name="city"
                  onChange={undefined}
                  type="text"
                  value={undefined}
            />
      </div>
      <div
            className="form-group"
      >
            <label>
                  State
            </label>
            <input
                  className="form-control"
                  name="st"
                  onChange={undefined}
                  type="text"
                  value={undefined}
            />
      </div>
      <input
            type="submit"
            value="Search"
      />
</form>,
  ],
  "options": Object {},
  "renderer": ReactShallowRenderer {
    "_instance":  {
      "_calledComponentWillUnmount": false,
      "_compositeType": 2,
      "_context": Object {},
      "_currentElement": <Unknown />,
      "_debugID": 1,
      "_hostContainerInfo": null,
      "_hostParent": null,
      "_instance": StatelessComponent {
        "_reactInternalInstance": [Circular],
        "context": Object {},
        "props": Object {},
        "refs": Object {},
        "state": null,
        "updater": Object {
          "enqueueCallback": [Function],
          "enqueueCallbackInternal": [Function],
          "enqueueElementInternal": [Function],
          "enqueueForceUpdate": [Function],
          "enqueueReplaceState": [Function],
          "enqueueSetState": [Function],
          "isMounted": [Function],
          "validateCallback": [Function],
        },
      },
      "_mountOrder": 1,
      "_pendingCallbacks": null,
      "_pendingElement": null,
      "_pendingForceUpdate": false,
      "_pendingReplaceState": false,
      "_pendingStateQueue": null,
      "_renderedComponent": NoopInternalComponent {
        "_currentElement": <form
          onSubmit={undefined}
>
          <div
                    className="form-group"
          >
                    <label>
                              City
                    </label>
                    <input
                              className="form-control"
                              name="city"
                              onChange={undefined}
                              type="text"
                              value={undefined}
                    />
          </div>
          <div
                    className="form-group"
          >
                    <label>
                              State
                    </label>
                    <input
                              className="form-control"
                              name="st"
                              onChange={undefined}
                              type="text"
                              value={undefined}
                    />
          </div>
          <input
                    type="submit"
                    value="Search"
          />
</form>,
        "_debugID": 2,
        "_renderedOutput": <form
          onSubmit={undefined}
>
          <div
                    className="form-group"
          >
                    <label>
                              City
                    </label>
                    <input
                              className="form-control"
                              name="city"
                              onChange={undefined}
                              type="text"
                              value={undefined}
                    />
          </div>
          <div
                    className="form-group"
          >
                    <label>
                              State
                    </label>
                    <input
                              className="form-control"
                              name="st"
                              onChange={undefined}
                              type="text"
                              value={undefined}
                    />
          </div>
          <input
                    type="submit"
                    value="Search"
          />
</form>,
      },
      "_renderedNodeType": 0,
      "_rootNodeID": 0,
      "_topLevelWrapper": null,
      "_updateBatchNumber": null,
      "_warnedAboutRefsInRender": false,
    },
    "getRenderOutput": [Function],
    "render": [Function],
  },
  "root": [Circular],
  "unrendered": <Unknown />,
}
`;
