// Jest Snapshot v1, https://goo.gl/fbAQLP

exports[`CurrentConditionsContainer renders without crashing 1`] = `
ShallowWrapper {
  "complexSelector": ComplexSelector {
    "buildPredicate": [Function],
    "childrenOfNode": [Function],
    "findWhereUnwrapped": [Function],
  },
  "length": 1,
  "node": <div
    className="container"
>
    <div
        className="col-md-4"
    >
        <Unknown
            city=""
            handleChange={[Function]}
            handleSubmit={[Function]}
            region=""
        />
    </div>
    <div
        className="col-md-8"
    >
        <Unknown
            conditions={
                Object {
                    "message": "Enter a city and state abbreviation",
                  }
            }
        />
    </div>
</div>,
  "nodes": Array [
    <div
      className="container"
>
      <div
            className="col-md-4"
      >
            <Unknown
                  city=""
                  handleChange={[Function]}
                  handleSubmit={[Function]}
                  region=""
            />
      </div>
      <div
            className="col-md-8"
      >
            <Unknown
                  conditions={
                        Object {
                              "message": "Enter a city and state abbreviation",
                            }
                  }
            />
      </div>
</div>,
  ],
  "options": Object {},
  "renderer": ReactShallowRenderer {
    "_instance":  {
      "_calledComponentWillUnmount": false,
      "_compositeType": 0,
      "_context": Object {},
      "_currentElement": <CurrentConditionsContainer />,
      "_debugID": 1,
      "_hostContainerInfo": null,
      "_hostParent": null,
      "_instance": CurrentConditionsContainer {
        "_reactInternalInstance": [Circular],
        "context": Object {},
        "handleQueryChange": [Function],
        "handleSearch": [Function],
        "parseWeather": [Function],
        "props": Object {},
        "refs": Object {},
        "state": Object {
          "city": "",
          "conditions": Object {
            "message": "Enter a city and state abbreviation",
          },
          "region": "",
        },
        "updater": Object {
          "enqueueCallback": [Function],
          "enqueueCallbackInternal": [Function],
          "enqueueElementInternal": [Function],
          "enqueueForceUpdate": [Function],
          "enqueueReplaceState": [Function],
          "enqueueSetState": [Function],
          "isMounted": [Function],
          "validateCallback": [Function],
        },
      },
      "_mountOrder": 1,
      "_pendingCallbacks": null,
      "_pendingElement": null,
      "_pendingForceUpdate": false,
      "_pendingReplaceState": false,
      "_pendingStateQueue": null,
      "_renderedComponent": NoopInternalComponent {
        "_currentElement": <div
          className="container"
>
          <div
                    className="col-md-4"
          >
                    <Unknown
                              city=""
                              handleChange={[Function]}
                              handleSubmit={[Function]}
                              region=""
                    />
          </div>
          <div
                    className="col-md-8"
          >
                    <Unknown
                              conditions={
                                        Object {
                                                  "message": "Enter a city and state abbreviation",
                                                }
                              }
                    />
          </div>
</div>,
        "_debugID": 2,
        "_renderedOutput": <div
          className="container"
>
          <div
                    className="col-md-4"
          >
                    <Unknown
                              city=""
                              handleChange={[Function]}
                              handleSubmit={[Function]}
                              region=""
                    />
          </div>
          <div
                    className="col-md-8"
          >
                    <Unknown
                              conditions={
                                        Object {
                                                  "message": "Enter a city and state abbreviation",
                                                }
                              }
                    />
          </div>
</div>,
      },
      "_renderedNodeType": 0,
      "_rootNodeID": 0,
      "_topLevelWrapper": null,
      "_updateBatchNumber": null,
      "_warnedAboutRefsInRender": false,
    },
    "getRenderOutput": [Function],
    "render": [Function],
  },
  "root": [Circular],
  "unrendered": <CurrentConditionsContainer />,
}
`;
